// Jest Snapshot v1, https://goo.gl/fbAQLP

exports[`<Title /> renders without crashing 1`] = `
<div>
  <h1
    className="title-container__title"
  >
    Weather Finder
  </h1>
  <h3
    className="title-container__subtitle"
  >
    What's the weather like today?
  </h3>
</div>
`;
